2025-03-25 21:23:13,958 - INFO - Starting training process
2025-03-25 21:23:13,959 - INFO - Configuration:
device: cuda
seed: 42
data_dir: data
processed_data_file: data/processed/processed_data.pkl
embeddings_file: data/processed/embeddings.pt
embedding_dim: 640
max_seq_length: 65
dropout: 0.3
batch_size: 32
num_epochs: 50
learning_rate: 0.0003
weight_decay: 0.01
gradient_clip_val: 1.0
early_stopping_patience: 10
output_dir: model_outputs/20250325_212313
best_model_path: model_outputs/20250325_212313/best_model.pth
final_model_path: model_outputs/20250325_212313/final_model.pth
train_ratio: 0.8
val_ratio: 0.2
optimizer_type: AdamW
scheduler_type: ReduceLROnPlateau
scheduler_patience: 5
scheduler_factor: 0.5
2025-03-25 21:23:13,959 - INFO - Loading data
2025-03-25 21:23:14,102 - INFO - Preparing data loaders
2025-03-25 21:23:14,103 - INFO - Initializing model
2025-03-25 21:23:14,252 - INFO - Starting model training
2025-03-25 21:23:59,216 - INFO - Final model saved to model_outputs/20250325_212313/final_model.pth
2025-03-25 21:23:59,216 - INFO - Making predictions on validation set
2025-03-25 21:23:59,360 - INFO - Evaluating model performance
2025-03-25 21:23:59,468 - ERROR - An error occurred during training: ModelEvaluator.calculate_metrics() missing 1 required positional argument: 'labels'
Traceback (most recent call last):
  File "/home/matt/Dev/ross_redesign/src/training/training_run.py", line 78, in main
    metrics = evaluator.calculate_metrics(predictions, val_labels)
              ^^^^^^^^^^^^^^^^^^^^^^^^^^^^^^^^^^^^^^^^^^^^^^^^^^^^
TypeError: ModelEvaluator.calculate_metrics() missing 1 required positional argument: 'labels'
