2025-03-25 17:22:45,468 - INFO - Starting training process
2025-03-25 17:22:45,468 - INFO - Configuration:
device: cuda
seed: 42
data_dir: data
processed_data_file: data/processed/processed_data.pkl
embeddings_file: data/processed/embeddings.pt
embedding_dim: 768
max_seq_length: 65
dropout: 0.3
batch_size: 32
num_epochs: 50
learning_rate: 0.0003
weight_decay: 0.01
gradient_clip_val: 1.0
early_stopping_patience: 10
output_dir: model_outputs/20250325_172245
best_model_path: model_outputs/20250325_172245/best_model.pth
final_model_path: model_outputs/20250325_172245/final_model.pth
train_ratio: 0.8
val_ratio: 0.2
optimizer_type: AdamW
scheduler_type: ReduceLROnPlateau
scheduler_patience: 5
scheduler_factor: 0.5
2025-03-25 17:22:45,468 - INFO - Loading data
2025-03-25 17:22:45,475 - INFO - Preparing data loaders
2025-03-25 17:22:45,475 - ERROR - An error occurred during training: name 'torch' is not defined
Traceback (most recent call last):
  File "/home/matt/Dev/ross_redesign/src/training/training_run.py", line 50, in main
    train_loader, val_loader = data_processor.prepare_dataloaders(
                               ^^^^^^^^^^^^^^^^^^^^^^^^^^^^^^^^^^^
  File "/home/matt/Dev/ross_redesign/src/utils/data_processing.py", line 33, in prepare_dataloaders
    train_dataset, val_dataset = torch.utils.data.random_split(
                                 ^^^^^
NameError: name 'torch' is not defined
