2025-03-25 17:14:18,572 - INFO - Starting training process
2025-03-25 17:14:18,572 - INFO - Configuration:
device: cuda
seed: 42
data_dir: data
processed_data_file: data/processed/rossmann_data.pkl
embeddings_file: data/processed/rossmann_embeddings.pt
embedding_dim: 768
max_seq_length: 65
dropout: 0.3
batch_size: 32
num_epochs: 50
learning_rate: 0.0003
weight_decay: 0.01
gradient_clip_val: 1.0
early_stopping_patience: 10
output_dir: model_outputs/20250325_171418
best_model_path: model_outputs/20250325_171418/best_model.pth
final_model_path: model_outputs/20250325_171418/final_model.pth
train_ratio: 0.8
val_ratio: 0.2
optimizer_type: AdamW
scheduler_type: ReduceLROnPlateau
scheduler_patience: 5
scheduler_factor: 0.5
2025-03-25 17:14:18,572 - INFO - Loading data
2025-03-25 17:14:18,573 - ERROR - An error occurred during training: [Errno 2] No such file or directory: 'data/processed/rossmann_data.pkl'
Traceback (most recent call last):
  File "/home/matt/Dev/ross_redesign/src/training/training_run.py", line 41, in main
    with open(data_path, 'rb') as f:
         ^^^^^^^^^^^^^^^^^^^^^
FileNotFoundError: [Errno 2] No such file or directory: 'data/processed/rossmann_data.pkl'
